I'm sorry, but errors were detected in your script. Please correct the
errors listed below, and try again.


File "game/script.rpy", line 671: end of line expected.
    jump option 1
                ^

File "game/script.rpy", line 694: end of line expected.
    jump option 1
                ^

Ren'Py Version: Ren'Py 8.0.3.22090809
Sat Oct 22 17:20:54 2022
